{
  "scope": "Own source plus transitive DifferentialGeometry native source; Mathlib and Lean imports separately pinned by lake-manifest.json",
  "native_module_count": 910,
  "own_module_count": 147,
  "continuation_module_count": 124,
  "own_sources": [
    "DFLSphere433.lean",
    "DFLSphere433/CompactFormGround.lean",
    "DFLSphere433/ContinuationVerification.lean",
    "DFLSphere433/H1ClosabilityAudit.lean",
    "DFLSphere433/H1SpectralPoincare.lean",
    "DFLSphere433/LatitudePiconeGround.lean",
    "DFLSphere433/OriginalLatitude/AngularComparison.lean",
    "DFLSphere433/OriginalLatitude/EigenbranchParameter.lean",
    "DFLSphere433/OriginalLatitude/GroundConcavity.lean",
    "DFLSphere433/OriginalLatitude/GroundFlux.lean",
    "DFLSphere433/OriginalLatitude/GroundHF.lean",
    "DFLSphere433/OriginalLatitude/GroundMoments.lean",
    "DFLSphere433/OriginalLatitude/PhysicalModeDerivatives.lean",
    "DFLSphere433/OriginalLatitude/RadialPartner.lean",
    "DFLSphere433/OriginalLatitude/SphereMeasure.lean",
    "DFLSphere433/RoundSphereCoordinates.lean",
    "DFLSphere433/RoundSphereFirstEigenspace.lean",
    "DFLSphere433/RoundSpherePoincare.lean",
    "DFLSphere433/RoundSpherePotentialGround.lean",
    "DFLSphere433/RoundSphereSharpGap.lean",
    "DFLSphere433/Verification.lean",
    "DFLSphere433/WeakH1Completion.lean",
    "DFLSphere433/WeightedSpherePoincare.lean",
    "continuation.lean",
    "continuation/ActualDriftBaseline.lean",
    "continuation/ActualRadialCandidate.lean",
    "continuation/ActualTiltProfileWitness.lean",
    "continuation/AngularMeanProjection.lean",
    "continuation/AuxiliaryRadialSmooth.lean",
    "continuation/CircleFirstDimension.lean",
    "continuation/CircleFirstEigenspace.lean",
    "continuation/CircleFirstSmoothBasis.lean",
    "continuation/CircleFourierFrequency.lean",
    "continuation/CircleGapEquality.lean",
    "continuation/CircleOddEigenvalue.lean",
    "continuation/CircleOddGeometry.lean",
    "continuation/CircleOddProfile.lean",
    "continuation/CircleParity.lean",
    "continuation/CircleRoundMetric.lean",
    "continuation/CircleSpectralLower.lean",
    "continuation/ClassicalPotentialWeak.lean",
    "continuation/CompactC2WeakH1.lean",
    "continuation/CompactFirstPositive.lean",
    "continuation/CompactPotentialDomain.lean",
    "continuation/CompactPotentialFirstPositive.lean",
    "continuation/CompactPotentialGround.lean",
    "continuation/CotAngularCoercivity.lean",
    "continuation/CotAngularDeviationCoercivity.lean",
    "continuation/CotAngularEquality.lean",
    "continuation/CotAngularPoincare.lean",
    "continuation/CotAngularProjection.lean",
    "continuation/CotScalarCutoff.lean",
    "continuation/CotScalarPicone.lean",
    "continuation/CotScalarPiconeEquality.lean",
    "continuation/CotSphereBochnerEnergy.lean",
    "continuation/CotSphereDiffeomorph.lean",
    "continuation/CotSphereDifferential.lean",
    "continuation/CotSphereEnergy.lean",
    "continuation/CotSphereFullIntegral.lean",
    "continuation/CotSphereMetric.lean",
    "continuation/CotSphereVolume.lean",
    "continuation/CotTransverseEquality.lean",
    "continuation/CotTransversePiconeLower.lean",
    "continuation/EvenSquareFiniteProfile.lean",
    "continuation/EvenSquareProfile.lean",
    "continuation/FirstAngularIntegratedEquality.lean",
    "continuation/FullSphereFirstLower.lean",
    "continuation/FullSphereFirstMeanZero.lean",
    "continuation/GenericRoundPoincare.lean",
    "continuation/GroundStateContinuity.lean",
    "continuation/HalfDensityEnergy.lean",
    "continuation/LatMeasureBochner.lean",
    "continuation/LatMeasureIdentity.lean",
    "continuation/MeanSphereDomain.lean",
    "continuation/MeanSphereEnergySplit.lean",
    "continuation/MeanSphereNormSplit.lean",
    "continuation/MeanSpherePoleFamily.lean",
    "continuation/NormalizedFirstModeClassification.lean",
    "continuation/NormalizedVMFWeakGap.lean",
    "continuation/OriginalTiltEigenspaceSimple.lean",
    "continuation/OriginalTiltGroundExists.lean",
    "continuation/OriginalWeakFirstEquality.lean",
    "continuation/OriginalWeightedGround.lean",
    "continuation/OriginalWeightedWeakGap.lean",
    "continuation/OrthogonalStationarity.lean",
    "continuation/PhysicalDriftFirstPositive.lean",
    "continuation/PhysicalFirstDimension.lean",
    "continuation/PhysicalFirstEigenspace.lean",
    "continuation/PhysicalGapEigenComparison.lean",
    "continuation/PhysicalGapEven.lean",
    "continuation/PhysicalGapFullDomain.lean",
    "continuation/PhysicalGapIdentification.lean",
    "continuation/PhysicalGapZero.lean",
    "continuation/PhysicalGapZeroExact.lean",
    "continuation/PhysicalHalfDensity.lean",
    "continuation/PhysicalSphereFiniteProfile.lean",
    "continuation/PhysicalSphereLatitudeProfileC3.lean",
    "continuation/PhysicalWeightedFirst.lean",
    "continuation/PhysicalWeightedGap.lean",
    "continuation/PolarRoundMetric.lean",
    "continuation/PositiveGroundOrthogonal.lean",
    "continuation/PotentialMinimumDependence.lean",
    "continuation/PotentialRayleighStationarity.lean",
    "continuation/ProductGradientSlices.lean",
    "continuation/RadialEigenvalueLower.lean",
    "continuation/RoundAngularDeviationPoincare.lean",
    "continuation/RoundCirclePoincare.lean",
    "continuation/RoundCircleSharpGap.lean",
    "continuation/RoundPoincareEquality.lean",
    "continuation/RoundSphereActualTiltProfile.lean",
    "continuation/RoundSphereFiniteProfile.lean",
    "continuation/RoundSphereGroundAxisymmetry.lean",
    "continuation/RoundSphereGroundDomain.lean",
    "continuation/RoundSphereGroundSymmetry.lean",
    "continuation/RoundSphereLatitudeOperator.lean",
    "continuation/RoundSphereLatitudeProfile.lean",
    "continuation/RoundSphereLatitudeProfileC3.lean",
    "continuation/RoundSpherePositiveGround.lean",
    "continuation/SeparatedBochnerFubini.lean",
    "continuation/SeparatedGradient.lean",
    "continuation/SeparatedMeanEnergy.lean",
    "continuation/SeparatedMeasureFubini.lean",
    "continuation/SmoothAbsoluteH1.lean",
    "continuation/SmoothSchrodingerPositivity.lean",
    "continuation/SphereFirstModeRecovery.lean",
    "continuation/SphereGroundMoments.lean",
    "continuation/SphereIsometricCoordinates.lean",
    "continuation/SphereStrictMonotonicity.lean",
    "continuation/SphereWeightedSymmetry.lean",
    "continuation/TiltDriftClassification.lean",
    "continuation/TiltEvenness.lean",
    "continuation/TiltHellmannFeynman.lean",
    "continuation/TiltRateContinuity.lean",
    "continuation/TiltStrictConcavity.lean",
    "continuation/TransverseCommonGround.lean",
    "continuation/TransverseFirstMinimumUpper.lean",
    "continuation/TransverseModeDimension.lean",
    "continuation/TransverseSmoothGround.lean",
    "continuation/TransverseSphereMode.lean",
    "continuation/TransverseWeakH1.lean",
    "continuation/WarpedProductVolume.lean",
    "continuation/WeakFirstEigenspace.lean",
    "continuation/WeakHalfDensityEnergy.lean",
    "continuation/WeakPhysicalRepresentative.lean",
    "continuation/WeightedEigenNormalization.lean",
    "continuation/WeightedMinimumRegularity.lean",
    "continuation/WeightedWeakH1Gauge.lean"
  ],
  "missing": [],
  "forbidden_tokens": []
}
